// Jest Snapshot v1, https://goo.gl/fbAQLP

exports[`renders app entry point 1`] = `"{}"`;
